// Jest Snapshot v1, https://goo.gl/fbAQLP

exports[`Pruebas sobre <AddCategory /> Debe de mostrarse correctamente 1`] = `
<form
  onSubmit={[Function]}
>
  <input
    name="category"
    onChange={[Function]}
    placeholder="Add Category"
    type="text"
    value=""
  />
</form>
`;
